// Jest Snapshot v1, https://goo.gl/fbAQLP

exports[`AddContentVideo test page has title 1`] = `
<v-container>
  <v-responsive>
    <h3 class="ma-4 " style="padding-top: 5%;">Untitled Video</h3>
    <v-card class="text-center justify-center ma-4">
      <v-container>
        <v-text-field items="Software Engineering,Business Management,Design Thinking" hide-selected="" hint="Donâ€™t worry, you can always change this." label="Title" multiple="" outlined="" persistent-hint="" chips="" color="red" class=" title-box "></v-text-field>
        <v-card-text class="uploader"><i class="fa fa-cloud-upload"></i>
          <v-container>
            <v-icon color="#645262" dark="">mdi-cloud-upload</v-icon>
            <v-row id="file-drag-drop">
              <p class="drag drop-files">Drag &amp; Drop files here</p>
              <v-input type="file" id="file" accept=".mp4" color="red" show-size="" counter=""></v-input>
            </v-row>
          </v-container>
        </v-card-text>
        <v-text-field color="red" outlined="" label="Add Text (Optional)" auto-grow="" class=" title-box "></v-text-field>
        <v-text-field color="red" outlined="" label="Add Links (Optional)" auto-grow="" class=" title-box "></v-text-field>
        <v-card-actions>
          <v-btn style="background-color: rgb(248, 248, 248); color: rgb(255, 46, 46); height: 50px !important; width: 120px;">Discard</v-btn>
          <v-btn class="ma-4" style="background-color: rgb(255, 46, 46); color: rgb(248, 248, 248); height: 50px !important; width: 120px;">Save</v-btn>
        </v-card-actions>
      </v-container>
    </v-card>
    <section class="ma-4" style="padding-top: 100px; padding-bottom: 100px;">
      <h3>Lesson Settings</h3>
      <v-checkbox color="red"></v-checkbox>
      <v-checkbox color="red"></v-checkbox>
    </section>
    <v-card flat="" max-width="686" class="text-center justify-center ma-4" style="background: rgb(248, 248, 248); border-radius: 11.2578px; height: 60px;">
      <v-container fluid="">
        <h6 class="tip-text">
          Tip: Chapter(s) will be set to draft if there are no lessons created
          for it.
        </h6>
      </v-container>
    </v-card>
  </v-responsive>
</v-container>
`;
