// Jest Snapshot v1, https://goo.gl/fbAQLP

exports[`Plans Component unit test render my courses and match snapshot 1`] = `
<div class="v-responsive" title="Plans">
  <div class="v-responsive__content">
    <div class="container grid-list-xl" style="max-width: 1100px;">
      <div style="font-family: IBM Plex Sans;">
        <div class="row">
          <div class="col-md-12 col-12">
            <h1 class="selectPlan mt-7">Select A Plan</h1>
          </div>
        </div>
        <div class="row">
          <div class="col-md-12 col-12">
            <div>
              <p class="selectPlanSubtitle ma-3">Import your demos or build pages visual layer. All images and illustrations included! Import your demos or build </p>
            </div>
          </div>
        </div>
        <div class="row" style="justify-content: center;">
          <div class="col-md-4 col-12">
            <div class="card-style mx-auto my-10 pa-2 ml-0 align-self-stretch text-wrap v-card v-card--raised v-sheet theme--light elevation-2">
              <div class="subCard mx-auto pa-2 align-self-auto text-wrap v-card v-card--flat v-sheet theme--light">
                <div class="v-card__text">
                  <div class="card-type mt-n4">
                    startups
                  </div>
                  <div class="plan">
                    N80,000
                  </div>
                  <div class="card-type-1 mb-n4">
                    Monthly
                  </div>
                </div>
              </div>
              <div class="container container--fluid fill-height pa-2">
                <div class="v-card__text">
                  <div class="card-text my-4">
                    This is the benefit you would get in the startup plan if you registered and subscribe
                  </div>
                  <hr role="separator" aria-orientation="horizontal" class="mx-4 v-divider theme--light">
                  <div class="card-text my-4">
                    This is the benefit you would get in the startup plan if you registered and subscribe
                  </div>
                  <hr role="separator" aria-orientation="horizontal" class="mx-4 v-divider theme--light">
                  <div class="card-text my-4">
                    This is the benefit you would get in the startup plan if you registered and subscribe
                  </div>
                </div>
              </div>
              <div class="v-card__actions" style="justify-content: center;"><button type="button" class="btn mt-n1 v-btn v-btn--contained theme--light v-size--large" style="font-size: 14px; height: 43px; color: rgb(255, 255, 255); font-weight: bold; background: rgb(255, 46, 46);"><span class="v-btn__content"><i aria-hidden="true" class="v-icon notranslate mdi mdi-plus theme--light" style="color: rgb(255, 255, 255); caret-color: #fff;"></i>
                  Request a Demo
                </span></button></div>
            </div>
          </div>
          <div class="col-md-4 col-12">
            <div class="card-style mx-auto my-10 pa-2 ml-0 align-self-stretch text-wrap v-card v-card--raised v-sheet theme--light elevation-2">
              <div class="subCard mx-auto pa-2 align-self-auto text-wrap v-card v-card--flat v-sheet theme--light">
                <div class="v-card__text">
                  <div class="card-type mt-n4">
                    Custom
                  </div>
                  <div class="plan" style="color: rgb(255, 180, 3);">
                    Custom
                  </div>
                  <div class="card-type-1 mb-11"></div>
                </div>
              </div>
              <div class="container container--fluid fill-height pa-2">
                <div class="v-card__text">
                  <div class="card-text my-4">
                    This is the benefit you would get in the startup plan if you registered and subscribe
                  </div>
                  <hr role="separator" aria-orientation="horizontal" class="mx-4 v-divider theme--light">
                  <div class="card-text my-4">
                    This is the benefit you would get in the startup plan if you registered and subscribe
                  </div>
                  <hr role="separator" aria-orientation="horizontal" class="mx-4 v-divider theme--light">
                  <div class="card-text my-4">
                    This is the benefit you would get in the startup plan if you registered and subscribe
                  </div>
                </div>
              </div>
              <div class="v-card__actions" style="justify-content: center;"><button type="button" class="btn mt-n1 v-btn v-btn--contained theme--light v-size--large" style="font-size: 14px; height: 43px; color: rgb(255, 255, 255); font-weight: bold; background: rgb(255, 180, 3);"><span class="v-btn__content"><i aria-hidden="true" class="v-icon notranslate mdi mdi-plus theme--light" style="color: rgb(255, 255, 255); caret-color: #fff;"></i>
                  Get Started
                </span></button></div>
            </div>
          </div>
          <div class="col-md-4 col-12">
            <div class="card-style mx-auto my-10 pa-2 ml-0 align-self-stretch text-wrap v-card v-card--raised v-sheet theme--light elevation-2">
              <div class="subCard mx-auto pa-2 align-self-auto text-wrap v-card v-card--flat v-sheet theme--light">
                <div class="v-card__text">
                  <div class="card-type mt-n4">
                    Enterprise
                  </div>
                  <div class="plan" style="color: rgb(28, 138, 236);">
                    N800,000
                  </div>
                  <div class="card-type-1 mb-n4">
                    Monthly
                  </div>
                </div>
              </div>
              <div class="container container--fluid fill-height pa-2">
                <div class="v-card__text">
                  <div class="card-text my-4">
                    This is the benefit you would get in the startup plan if you registered and subscribe
                  </div>
                  <hr role="separator" aria-orientation="horizontal" class="mx-4 v-divider theme--light">
                  <div class="card-text my-4">
                    This is the benefit you would get in the startup plan if you registered and subscribe
                  </div>
                  <hr role="separator" aria-orientation="horizontal" class="mx-4 v-divider theme--light">
                  <div class="card-text my-4">
                    This is the benefit you would get in the startup plan if you registered and subscribe
                  </div>
                </div>
              </div>
              <div class="v-card__actions" style="justify-content: center;"><button type="button" class="btn mt-n1 v-btn v-btn--contained theme--light v-size--large" style="font-size: 14px; height: 43px; color: rgb(255, 255, 255); font-weight: bold; background: rgb(28, 138, 236);"><span class="v-btn__content"><i aria-hidden="true" class="v-icon notranslate mdi mdi-plus theme--light" style="color: rgb(255, 255, 255); caret-color: #fff;"></i>
                  Request a Demo
                </span></button></div>
            </div>
          </div>
        </div>
        <div class="row">
          <div class="col-md-12 col-12">
            <h1 class="benefits mt-7">Benefits</h1>
          </div>
          <hr role="separator" aria-orientation="horizontal" class="mx-4 ma-5 v-divider theme--light">
        </div>
        <div class="row">
          <div class="col-md-6 col-12">
            <div class="row ml-5 mr-3">
              <div class="col-md-10 col-12">
                <h1 class="benefits-content">Highly Rich Content</h1>
              </div>
              <div class="col-md-2 col-12">
                <div aria-label="" class="v-image v-responsive mr-2 theme--light" style="max-height: 64px; max-width: 64px;">
                  <transition-stub name="fade-transition" mode="in-out">
                    <div class="v-image__image v-image__image--preload v-image__image--cover" style="background-position: center center;"></div>
                  </transition-stub>
                  <div class="v-responsive__content"></div>
                </div>
              </div>
            </div>
            <div class="row ml-3 mr-3 mt-n3">
              <div class="col-md-12 col-12">
                <p class="benefits-content-p ml-2 mr-2">
                  Amet minim mollit non deserunt ullamco est sit aliqua dolor do amet sint. Velit officia consequat duis enim velit mollit. Exercitation veniam consequat sunt nostrud amet.
                </p>
              </div>
            </div>
          </div>
          <div class="col-md-6 col-12">
            <div class="row ml-5 mr-3">
              <div class="col-md-10 col-12">
                <h1 class="benefits-content">Access to Business Partnerships</h1>
              </div>
              <div class="col-md-2 col-12">
                <div aria-label="" class="v-image v-responsive mr-2 theme--light" style="max-height: 64px; max-width: 64px;">
                  <transition-stub name="fade-transition" mode="in-out">
                    <div class="v-image__image v-image__image--preload v-image__image--cover" style="background-position: center center;"></div>
                  </transition-stub>
                  <div class="v-responsive__content"></div>
                </div>
              </div>
            </div>
            <div class="row ml-3 mr-3 mt-n3">
              <div class="col-md-12 col-12">
                <p class="benefits-content-p ml-2 mr-2">
                  Amet minim mollit non deserunt ullamco est sit aliqua dolor do amet sint. Velit officia consequat duis enim velit mollit. Exercitation veniam consequat sunt nostrud amet.
                </p>
              </div>
            </div>
          </div>
          <hr role="separator" aria-orientation="horizontal" class="mx-4 ma-3 v-divider theme--light">
        </div>
        <div class="row">
          <div class="col-md-6 col-12">
            <div class="row ml-5 mr-3">
              <div class="col-md-10 col-12">
                <h1 class="benefits-content">Mentorship &amp; Consultancy</h1>
              </div>
              <div class="col-md-2 col-12">
                <div aria-label="" class="v-image v-responsive mr-2 theme--light" style="max-height: 64px; max-width: 64px;">
                  <transition-stub name="fade-transition" mode="in-out">
                    <div class="v-image__image v-image__image--preload v-image__image--cover" style="background-position: center center;"></div>
                  </transition-stub>
                  <div class="v-responsive__content"></div>
                </div>
              </div>
            </div>
            <div class="row ml-3 mr-3 mt-n3">
              <div class="col-md-12 col-12">
                <p class="benefits-content-p ml-2 mr-2">
                  Amet minim mollit non deserunt ullamco est sit aliqua dolor do amet sint. Velit officia consequat duis enim velit mollit. Exercitation veniam consequat sunt nostrud amet.
                </p>
              </div>
            </div>
          </div>
          <div class="col-md-6 col-12">
            <div class="row ml-5 mr-3">
              <div class="col-md-10 col-12">
                <h1 class="benefits-content">Scale your team &amp; Business</h1>
              </div>
              <div class="col-md-2 col-12">
                <div aria-label="" class="v-image v-responsive mr-2 theme--light" style="max-height: 64px; max-width: 64px;">
                  <transition-stub name="fade-transition" mode="in-out">
                    <div class="v-image__image v-image__image--preload v-image__image--cover" style="background-position: center center;"></div>
                  </transition-stub>
                  <div class="v-responsive__content"></div>
                </div>
              </div>
            </div>
            <div class="row ml-3 mr-3 mt-n3">
              <div class="col-md-12 col-12">
                <p class="benefits-content-p ml-2 mr-2">
                  Amet minim mollit non deserunt ullamco est sit aliqua dolor do amet sint. Velit officia consequat duis enim velit mollit. Exercitation veniam consequat sunt nostrud amet.
                </p>
              </div>
            </div>
          </div>
        </div>
      </div>
    </div>
    <div class="v-responsive footer-container mt-16">
      <div class="v-responsive__content">
        <div class="container grid-list-xl" style="max-width: 1100px;">
          <div>
            <div class="row">
              <div class="col-md-12 col-12">
                <hr role="separator" aria-orientation="horizontal" class="divider mx-4 ma-3 mt-16 v-divider theme--light">
              </div>
            </div>
            <div class="row mt-12 ml-16">
              <div class="col-md-4 col-12">
                <h3>Contact us</h3>
                <div class="mt-3">
                  <p>info@semicolon.africa</p>
                  <p>+234-906-000-8609</p>
                </div>
              </div>
              <div class="col-md-4 col-12">
                <h3>Lagos</h3>
                <div class="mt-4">
                  <p>312, Herbert Macaulay</p>
                  <p>Way, Yaba, Lagos</p>
                  <p>100001</p>
                </div>
              </div>
              <div class="col-md-4 col-12">
                <h3>Follow Us</h3> <button type="button" class="mx-4 ml-n2 mt-2 v-btn v-btn--flat v-btn--icon v-btn--round theme--light v-size--default" style="color: rgb(255, 46, 46); caret-color: #FF2E2E;"><span class="v-btn__content"><i aria-hidden="true" class="v-icon notranslate mdi mdi mdi mdi-facebook theme--light" style="font-size: 24px;"></i></span></button><button type="button" class="mx-4 ml-n2 mt-2 v-btn v-btn--flat v-btn--icon v-btn--round theme--light v-size--default" style="color: rgb(255, 46, 46); caret-color: #FF2E2E;"><span class="v-btn__content"><i aria-hidden="true" class="v-icon notranslate mdi mdi mdi mdi-twitter theme--light" style="font-size: 24px;"></i></span></button><button type="button" class="mx-4 ml-n2 mt-2 v-btn v-btn--flat v-btn--icon v-btn--round theme--light v-size--default" style="color: rgb(255, 46, 46); caret-color: #FF2E2E;"><span class="v-btn__content"><i aria-hidden="true" class="v-icon notranslate mdi mdi mdi mdi-linkedin theme--light" style="font-size: 24px;"></i></span></button><button type="button" class="mx-4 ml-n2 mt-2 v-btn v-btn--flat v-btn--icon v-btn--round theme--light v-size--default" style="color: rgb(255, 46, 46); caret-color: #FF2E2E;"><span class="v-btn__content"><i aria-hidden="true" class="v-icon notranslate mdi mdi mdi mdi-instagram theme--light" style="font-size: 24px;"></i></span></button><button type="button" class="mx-4 ml-n2 mt-2 v-btn v-btn--flat v-btn--icon v-btn--round theme--light v-size--default" style="color: rgb(255, 46, 46); caret-color: #FF2E2E;"><span class="v-btn__content"><i aria-hidden="true" class="v-icon notranslate mdi mdi mdi mdi-youtube theme--light" style="font-size: 24px;"></i></span></button>
              </div>
            </div>
            <div class="row mt-4 mb-5 ml-15">
              <div class="v-card__text py-2 footer-text">
                Copyright Semicolon 2019, Built with <i aria-hidden="true" class="v-icon notranslate mdi mdi-heart theme--light" style="font-size: 24px; color: rgb(255, 46, 46); caret-color: #FF2E2E;"></i> in Lagos
                2020
              </div>
            </div>
          </div>
        </div>
      </div>
    </div>
  </div>
</div>
`;
